
> talentbridge-backend@2.0.0 dev
> nodemon server.js

[33m[nodemon] 3.1.14[39m
[33m[nodemon] to restart at any time, enter `rs`[39m
[33m[nodemon] watching path(s): *.*[39m
[33m[nodemon] watching extensions: js,mjs,cjs,json[39m
[32m[nodemon] starting `node server.js`[39m
✓ Connected to PostgreSQL
✓ Database schema initialized
✓ Migration 3: Added indexes to jd_matches

TalentBridge Backend  →  http://localhost:5000
Health check          →  http://localhost:5000/api/health

[31m[nodemon] app crashed - waiting for file changes before starting...[39m
[32m[nodemon] restarting due to changes...[39m
[32m[nodemon] starting `node server.js`[39m
✓ Connected to PostgreSQL
✓ Database schema initialized
✓ Migration 3: Added indexes to jd_matches
✓ Migration 4: Added assigned_interviewer, existing processed apps → interviewer1
✓ Migration 5: Added hr_notes_for_interviewer column
Migration error (interviewer seed): duplicate key value violates unique constraint "hr_users_google_id_key"
node:events:486
      throw er; // Unhandled 'error' event
      ^

Error: listen EADDRINUSE: address already in use :::5000
    at Server.setupListenHandle [as _listen2] (node:net:1948:16)
    at listenInCluster (node:net:2005:12)
    at Server.listen (node:net:2110:7)
    at app.listen (C:\Users\Akshaya\Desktop\vs app\backend\node_modules\express\lib\application.js:635:24)
    at C:\Users\Akshaya\Desktop\vs app\backend\server.js:71:9
    at process.processTicksAndRejections (node:internal/process/task_queues:104:5)
Emitted 'error' event on Server instance at:
    at emitErrorNT (node:net:1984:8)
    at process.processTicksAndRejections (node:internal/process/task_queues:90:21) {
  code: 'EADDRINUSE',
  errno: -4091,
  syscall: 'listen',
  address: '::',
  port: 5000
}

Node.js v24.14.1
[31m[nodemon] app crashed - waiting for file changes before starting...[39m
[32m[nodemon] restarting due to changes...[39m
[32m[nodemon] starting `node server.js`[39m
✓ Connected to PostgreSQL
✓ Database schema initialized
✓ Migration 3: Added indexes to jd_matches
Migration error (interviewer seed): duplicate key value violates unique constraint "hr_users_google_id_key"
node:events:486
      throw er; // Unhandled 'error' event
      ^

Error: listen EADDRINUSE: address already in use :::5000
    at Server.setupListenHandle [as _listen2] (node:net:1948:16)
    at listenInCluster (node:net:2005:12)
    at Server.listen (node:net:2110:7)
    at app.listen (C:\Users\Akshaya\Desktop\vs app\backend\node_modules\express\lib\application.js:635:24)
    at C:\Users\Akshaya\Desktop\vs app\backend\server.js:71:9
    at process.processTicksAndRejections (node:internal/process/task_queues:104:5)
Emitted 'error' event on Server instance at:
    at emitErrorNT (node:net:1984:8)
    at process.processTicksAndRejections (node:internal/process/task_queues:90:21) {
  code: 'EADDRINUSE',
  errno: -4091,
  syscall: 'listen',
  address: '::',
  port: 5000
}

Node.js v24.14.1
[31m[nodemon] app crashed - waiting for file changes before starting...[39m
[32m[nodemon] restarting due to changes...[39m
[32m[nodemon] starting `node server.js`[39m
✓ Connected to PostgreSQL
✓ Database schema initialized
✓ Migration 3: Added indexes to jd_matches
Migration error (interviewer seed): duplicate key value violates unique constraint "hr_users_google_id_key"
node:events:486
      throw er; // Unhandled 'error' event
      ^

Error: listen EADDRINUSE: address already in use :::5000
    at Server.setupListenHandle [as _listen2] (node:net:1948:16)
    at listenInCluster (node:net:2005:12)
    at Server.listen (node:net:2110:7)
    at app.listen (C:\Users\Akshaya\Desktop\vs app\backend\node_modules\express\lib\application.js:635:24)
    at C:\Users\Akshaya\Desktop\vs app\backend\server.js:71:9
    at process.processTicksAndRejections (node:internal/process/task_queues:104:5)
Emitted 'error' event on Server instance at:
    at emitErrorNT (node:net:1984:8)
    at process.processTicksAndRejections (node:internal/process/task_queues:90:21) {
  code: 'EADDRINUSE',
  errno: -4091,
  syscall: 'listen',
  address: '::',
  port: 5000
}

Node.js v24.14.1
[31m[nodemon] app crashed - waiting for file changes before starting...[39m
[32m[nodemon] restarting due to changes...[39m
[32m[nodemon] starting `node server.js`[39m
✓ Connected to PostgreSQL
✓ Database schema initialized
✓ Migration 3: Added indexes to jd_matches
Migration error (interviewer seed): duplicate key value violates unique constraint "hr_users_google_id_key"
node:events:486
      throw er; // Unhandled 'error' event
      ^

Error: listen EADDRINUSE: address already in use :::5000
    at Server.setupListenHandle [as _listen2] (node:net:1948:16)
    at listenInCluster (node:net:2005:12)
    at Server.listen (node:net:2110:7)
    at app.listen (C:\Users\Akshaya\Desktop\vs app\backend\node_modules\express\lib\application.js:635:24)
    at C:\Users\Akshaya\Desktop\vs app\backend\server.js:71:9
    at process.processTicksAndRejections (node:internal/process/task_queues:104:5)
Emitted 'error' event on Server instance at:
    at emitErrorNT (node:net:1984:8)
    at process.processTicksAndRejections (node:internal/process/task_queues:90:21) {
  code: 'EADDRINUSE',
  errno: -4091,
  syscall: 'listen',
  address: '::',
  port: 5000
}

Node.js v24.14.1
[31m[nodemon] app crashed - waiting for file changes before starting...[39m
[32m[nodemon] restarting due to changes...[39m
[32m[nodemon] starting `node server.js`[39m
✓ Connected to PostgreSQL
✓ Database schema initialized
✓ Migration 3: Added indexes to jd_matches
✓ Migration 6: Seeded interviewer1–5 dev accounts
node:events:486
      throw er; // Unhandled 'error' event
      ^

Error: listen EADDRINUSE: address already in use :::5000
    at Server.setupListenHandle [as _listen2] (node:net:1948:16)
    at listenInCluster (node:net:2005:12)
    at Server.listen (node:net:2110:7)
    at app.listen (C:\Users\Akshaya\Desktop\vs app\backend\node_modules\express\lib\application.js:635:24)
    at C:\Users\Akshaya\Desktop\vs app\backend\server.js:71:9
    at process.processTicksAndRejections (node:internal/process/task_queues:104:5)
Emitted 'error' event on Server instance at:
    at emitErrorNT (node:net:1984:8)
    at process.processTicksAndRejections (node:internal/process/task_queues:90:21) {
  code: 'EADDRINUSE',
  errno: -4091,
  syscall: 'listen',
  address: '::',
  port: 5000
}

Node.js v24.14.1
[31m[nodemon] app crashed - waiting for file changes before starting...[39m
[32m[nodemon] restarting due to changes...[39m
[32m[nodemon] starting `node server.js`[39m
✓ Connected to PostgreSQL
✓ Database schema initialized
✓ Migration 3: Added indexes to jd_matches
✓ Migration 7: Added assigned_interviewers column
✓ Migration 6: Seeded interviewer1–5 dev accounts
node:events:486
      throw er; // Unhandled 'error' event
      ^

Error: listen EADDRINUSE: address already in use :::5000
    at Server.setupListenHandle [as _listen2] (node:net:1948:16)
    at listenInCluster (node:net:2005:12)
    at Server.listen (node:net:2110:7)
    at app.listen (C:\Users\Akshaya\Desktop\vs app\backend\node_modules\express\lib\application.js:635:24)
    at C:\Users\Akshaya\Desktop\vs app\backend\server.js:71:9
    at process.processTicksAndRejections (node:internal/process/task_queues:104:5)
Emitted 'error' event on Server instance at:
    at emitErrorNT (node:net:1984:8)
    at process.processTicksAndRejections (node:internal/process/task_queues:90:21) {
  code: 'EADDRINUSE',
  errno: -4091,
  syscall: 'listen',
  address: '::',
  port: 5000
}

Node.js v24.14.1
[31m[nodemon] app crashed - waiting for file changes before starting...[39m
[32m[nodemon] restarting due to changes...[39m
[32m[nodemon] starting `node server.js`[39m
✓ Connected to PostgreSQL
✓ Database schema initialized
✓ Migration 3: Added indexes to jd_matches
✓ Migration 6: Seeded interviewer1–5 dev accounts
node:events:486
      throw er; // Unhandled 'error' event
      ^

Error: listen EADDRINUSE: address already in use :::5000
    at Server.setupListenHandle [as _listen2] (node:net:1948:16)
    at listenInCluster (node:net:2005:12)
    at Server.listen (node:net:2110:7)
    at app.listen (C:\Users\Akshaya\Desktop\vs app\backend\node_modules\express\lib\application.js:635:24)
    at C:\Users\Akshaya\Desktop\vs app\backend\server.js:71:9
    at process.processTicksAndRejections (node:internal/process/task_queues:104:5)
Emitted 'error' event on Server instance at:
    at emitErrorNT (node:net:1984:8)
    at process.processTicksAndRejections (node:internal/process/task_queues:90:21) {
  code: 'EADDRINUSE',
  errno: -4091,
  syscall: 'listen',
  address: '::',
  port: 5000
}

Node.js v24.14.1
[31m[nodemon] app crashed - waiting for file changes before starting...[39m
[32m[nodemon] restarting due to changes...[39m
[32m[nodemon] starting `node server.js`[39m
✓ Connected to PostgreSQL
✓ Database schema initialized
✓ Migration 3: Added indexes to jd_matches
✓ Migration 6: Seeded interviewer1–5 dev accounts
node:events:486
      throw er; // Unhandled 'error' event
      ^

Error: listen EADDRINUSE: address already in use :::5000
    at Server.setupListenHandle [as _listen2] (node:net:1948:16)
    at listenInCluster (node:net:2005:12)
    at Server.listen (node:net:2110:7)
    at app.listen (C:\Users\Akshaya\Desktop\vs app\backend\node_modules\express\lib\application.js:635:24)
    at C:\Users\Akshaya\Desktop\vs app\backend\server.js:71:9
    at process.processTicksAndRejections (node:internal/process/task_queues:104:5)
Emitted 'error' event on Server instance at:
    at emitErrorNT (node:net:1984:8)
    at process.processTicksAndRejections (node:internal/process/task_queues:90:21) {
  code: 'EADDRINUSE',
  errno: -4091,
  syscall: 'listen',
  address: '::',
  port: 5000
}

Node.js v24.14.1
[31m[nodemon] app crashed - waiting for file changes before starting...[39m
[32m[nodemon] restarting due to changes...[39m
[32m[nodemon] starting `node server.js`[39m
(node:3720) MaxListenersExceededWarning: Possible EventEmitter memory leak detected. 11 exit listeners added to [Bus]. MaxListeners is 10. Use emitter.setMaxListeners() to increase limit
(Use `node --trace-warnings ...` to show where the warning was created)
✓ Connected to PostgreSQL
✓ Database schema initialized
✓ Migration 3: Added indexes to jd_matches
✓ Migration 6: Seeded interviewer1–5 dev accounts
node:events:486
      throw er; // Unhandled 'error' event
      ^

Error: listen EADDRINUSE: address already in use :::5000
    at Server.setupListenHandle [as _listen2] (node:net:1948:16)
    at listenInCluster (node:net:2005:12)
    at Server.listen (node:net:2110:7)
    at app.listen (C:\Users\Akshaya\Desktop\vs app\backend\node_modules\express\lib\application.js:635:24)
    at C:\Users\Akshaya\Desktop\vs app\backend\server.js:71:9
    at process.processTicksAndRejections (node:internal/process/task_queues:104:5)
Emitted 'error' event on Server instance at:
    at emitErrorNT (node:net:1984:8)
    at process.processTicksAndRejections (node:internal/process/task_queues:90:21) {
  code: 'EADDRINUSE',
  errno: -4091,
  syscall: 'listen',
  address: '::',
  port: 5000
}

Node.js v24.14.1
[31m[nodemon] app crashed - waiting for file changes before starting...[39m
[32m[nodemon] restarting due to changes...[39m
[32m[nodemon] starting `node server.js`[39m
✓ Connected to PostgreSQL
✓ Database schema initialized
✓ Migration 3: Added indexes to jd_matches
✓ Migration 6: Seeded interviewer1–5 dev accounts
node:events:486
      throw er; // Unhandled 'error' event
      ^

Error: listen EADDRINUSE: address already in use :::5000
    at Server.setupListenHandle [as _listen2] (node:net:1948:16)
    at listenInCluster (node:net:2005:12)
    at Server.listen (node:net:2110:7)
    at app.listen (C:\Users\Akshaya\Desktop\vs app\backend\node_modules\express\lib\application.js:635:24)
    at C:\Users\Akshaya\Desktop\vs app\backend\server.js:71:9
    at process.processTicksAndRejections (node:internal/process/task_queues:104:5)
Emitted 'error' event on Server instance at:
    at emitErrorNT (node:net:1984:8)
    at process.processTicksAndRejections (node:internal/process/task_queues:90:21) {
  code: 'EADDRINUSE',
  errno: -4091,
  syscall: 'listen',
  address: '::',
  port: 5000maxOutputTokens raised from 256 → 512 — the explanation field alone was exceeding 256 tokens.
  Prompt explicitly says "no array" + scoreOneCandidate now unwraps [{...}] → {...} if the model still wraps it.
  Explanation constrained to "one sentence max 20 words" so it never bloats the response.
  Restart the backend and try HireFit again.
}

Node.js v24.14.1
[31m[nodemon] app crashed - waiting for file changes before starting...[39m
[32m[nodemon] restarting due to changes...[39m
[32m[nodemon] starting `node server.js`[39m
✓ Connected to PostgreSQL
✓ Database schema initialized
✓ Migration 3: Added indexes to jd_matches
✓ Migration 6: Seeded interviewer1–5 dev accounts
node:events:486
      throw er; // Unhandled 'error' event
      ^

Error: listen EADDRINUSE: address already in use :::5000
    at Server.setupListenHandle [as _listen2] (node:net:1948:16)
    at listenInCluster (node:net:2005:12)
    at Server.listen (node:net:2110:7)
    at app.listen (C:\Users\Akshaya\Desktop\vs app\backend\node_modules\express\lib\application.js:635:24)
    at C:\Users\Akshaya\Desktop\vs app\backend\server.js:71:9
    at process.processTicksAndRejections (node:internal/process/task_queues:104:5)
Emitted 'error' event on Server instance at:
    at emitErrorNT (node:net:1984:8)
    at process.processTicksAndRejections (node:internal/process/task_queues:90:21) {
  code: 'EADDRINUSE',
  errno: -4091,
  syscall: 'listen',
  address: '::',
  port: 5000
}

Node.js v24.14.1
[31m[nodemon] app crashed - waiting for file changes before starting...[39m
[32m[nodemon] restarting due to changes...[39m
[32m[nodemon] starting `node server.js`[39m
✓ Connected to PostgreSQL
✓ Database schema initialized
✓ Migration 3: Added indexes to jd_matches
✓ Migration 6: Seeded interviewer1–5 dev accounts
node:events:486
      throw er; // Unhandled 'error' event
      ^

Error: listen EADDRINUSE: address already in use :::5000
    at Server.setupListenHandle [as _listen2] (node:net:1948:16)
    at listenInCluster (node:net:2005:12)
    at Server.listen (node:net:2110:7)
    at app.listen (C:\Users\Akshaya\Desktop\vs app\backend\node_modules\express\lib\application.js:635:24)
    at C:\Users\Akshaya\Desktop\vs app\backend\server.js:71:9
    at process.processTicksAndRejections (node:internal/process/task_queues:104:5)
Emitted 'error' event on Server instance at:
    at emitErrorNT (node:net:1984:8)
    at process.processTicksAndRejections (node:internal/process/task_queues:90:21) {
  code: 'EADDRINUSE',
  errno: -4091,
  syscall: 'listen',
  address: '::',
  port: 5000
}

Node.js v24.14.1
[31m[nodemon] app crashed - waiting for file changes before starting...[39m
